// Jest Snapshot v1, https://goo.gl/fbAQLP

exports[`Login Page Component should compile 1`] = `
<app-login-page
  error$={[Function BehaviorSubject]}
  pending$={[Function BehaviorSubject]}
  store={[Function Object]}
>
  <app-login-form
    _ngcontent-c0=""
    _nghost-c1=""
    ng-reflect-disabled="false"
    ng-reflect-error=""
  >
    <mat-card
      _ngcontent-c1=""
    >
      <mat-card-title
        _ngcontent-c1=""
      >
         Login 
      </mat-card-title>
      <mat-card-content
        _ngcontent-c1=""
      >
        <form
          _ngcontent-c1=""
        >
          <mat-form-field
            _ngcontent-c1=""
          >
            <input
              _ngcontent-c1=""
              formcontrolname="username"
              matinput=""
              placeholder="Username"
              type="text"
            />
            
            <mat-error
              _ngcontent-c1=""
            >
              Username is required
            </mat-error>
          </mat-form-field>
          <mat-form-field
            _ngcontent-c1=""
          >
            <input
              _ngcontent-c1=""
              formcontrolname="password"
              matinput=""
              placeholder="Password"
              type="password"
            />
            
            <mat-error
              _ngcontent-c1=""
            >
              Password is required
            </mat-error>
          </mat-form-field>
          
          <div
            _ngcontent-c1=""
            class="loginButtons"
          >
            <button
              _ngcontent-c1=""
              mat-button=""
              type="submit"
            >
              Login
            </button>
          </div>
        </form>
      </mat-card-content>
    </mat-card>
  </app-login-form>
</app-login-page>
`;
