// Jest Snapshot v1, https://goo.gl/fbAQLP

exports[`Books Reducer State Changes should load books on success 1`] = `
Object {
  "entities": Object {
    "1": Object {
      "id": "1",
      "volumeInfo": Object {
        "authors": Array [
          "author",
        ],
        "averageRating": 3,
        "description": "description",
        "imageLinks": Object {
          "smallThumbnail": "string",
          "thumbnail": "string",
        },
        "publishDate": "",
        "publisher": "publisher",
        "ratingsCount": 5,
        "subtitle": "subtitle",
        "title": "title",
      },
    },
    "222": Object {
      "id": "222",
      "volumeInfo": Object {
        "authors": Array [
          "author",
        ],
        "averageRating": 3,
        "description": "description",
        "imageLinks": Object {
          "smallThumbnail": "string",
          "thumbnail": "string",
        },
        "publishDate": "",
        "publisher": "publisher",
        "ratingsCount": 5,
        "subtitle": "subtitle",
        "title": "title",
      },
    },
  },
  "ids": Array [
    "1",
    "222",
  ],
}
`;
